Minishell$  echo kk | exit
exit

bash-3.2$ echo kk | exit
bash-3.2$ 
-------------------------
Minishell$ pwd
/Users/saharchi/Desktop/minishell
Minishell$ cd ..
Minishell$ pwd
/Users/saharchi/Desktop/minishell
Minishell$ 
-------------------------

cd not working 

---------------------------------
Minishell$ ~
minishell: ~: command not found

bash-3.2$ ~
bash: /Users/saharchi: is a directory
---------------------------------
Minishell$ cd h
minishell: Permission denied
bash-3.2$ cd h
bash: cd: h: Permission denied

---------------------------------
Minishell$ a
minishell: a: command not found
Minishell$ h
minishell: h: command not found

bash-3.2$ h
bash: h: is a directory
bash-3.2$ a
bash: a: Permission denied
---------------------------------
bash-3.2$ /bultins
bash: /bultins: No such file or directory
bash-3.2$ 

Minishell$ /bultins
minishell: /bultins: command not found
Minishell$ 
---------------------------------
Minishell$ a/a
minishell: a/a: command not found
Minishell$ 

bash-3.2$ a/a
bash: a/a: Not a directory
bash-3.2$ 
---------------------------------
bash-3.2$ cd h
bash: cd: h: Permission denied
bash-3.2$ 

Minishell$ cd h
minishell: Permission denied
Minishell$ 
---------------------------------
Minishell$ unset $PATH
Minishell$ ls
a               bultins         exit_status.c   handle_errors.c main.c          minishell.h     obj             path_test.c     utils_func.c
add_cmd.c       delet_quot.c    expand.c        herdoc.c        makefile        new_list.c      parse.c         redirection.c
add_env.c       execution.c     h               libft           minishell       note            parse_list.c    split.c
Minishell$ 
---------------------------------






############################################################################################################
Minishell$ << l
> sv
> 
> l
Minishell$ cat << l 
> rsbjn
> $USER
=================================================================
==82136==ERROR: AddressSanitizer: heap-buffer-overflow on address 0x60200000588f at pc 0x000108f35d13 bp 0x7ffee6cd3390 sp 0x7ffee6cd3388
READ of size 1 at 0x60200000588f thread T0
    #0 0x108f35d12 in expand_str expand.c:78
    #1 0x108f34e42 in heredoc herdoc.c:102
    #2 0x108f34fc0 in check_heredoc herdoc.c:122
    #3 0x108f2fa23 in main main.c:43
    #4 0x7fff701d6cc8 in start+0x0 (libdyld.dylib:x86_64+0x1acc8)

0x60200000588f is located 1 bytes to the left of 9-byte region [0x602000005890,0x602000005899)
allocated by thread T0 here:
    #0 0x108fe417d in wrap_malloc+0x9d (libclang_rt.asan_osx_dynamic.dylib:x86_64h+0x4917d)
    #1 0x108f3df84 in ft_strjoin+0xc4 (minishell:x86_64+0x100011f84)
    #2 0x108f3571c in return_value expand.c:50
    #3 0x108f35c65 in expand_str expand.c:73
    #4 0x108f34e42 in heredoc herdoc.c:102
    #5 0x108f34fc0 in check_heredoc herdoc.c:122
    #6 0x108f2fa23 in main main.c:43
    #7 0x7fff701d6cc8 in start+0x0 (libdyld.dylib:x86_64+0x1acc8)

SUMMARY: AddressSanitizer: heap-buffer-overflow expand.c:78 in expand_str
Shadow bytes around the buggy address:
  0x1c0400000ac0: fa fa 02 fa fa fa fd fa fa fa fd fa fa fa fd fd
  0x1c0400000ad0: fa fa fd fa fa fa fd fa fa fa fd fa fa fa fd fd
  0x1c0400000ae0: fa fa fd fa fa fa fd fa fa fa 03 fa fa fa 03 fa
  0x1c0400000af0: fa fa 00 fa fa fa 00 04 fa fa fd fa fa fa fd fa
  0x1c0400000b00: fa fa fd fa fa fa fd fa fa fa fd fd fa fa fd fa
=>0x1c0400000b10: fa[fa]00 01 fa fa fa fa fa fa fa fa fa fa fa fa
  0x1c0400000b20: fa fa fa fa fa fa fa fa fa fa fa fa fa fa fa fa
  0x1c0400000b30: fa fa fa fa fa fa fa fa fa fa fa fa fa fa fa fa
  0x1c0400000b40: fa fa fa fa fa fa fa fa fa fa fa fa fa fa fa fa
  0x1c0400000b50: fa fa fa fa fa fa fa fa fa fa fa fa fa fa fa fa
  0x1c0400000b60: fa fa fa fa fa fa fa fa fa fa fa fa fa fa fa fa
Shadow byte legend (one shadow byte represents 8 application bytes):
  Addressable:           00
  Partially addressable: 01 02 03 04 05 06 07 
  Heap left redzone:       fa
  Freed heap region:       fd
  Stack left redzone:      f1
  Stack mid redzone:       f2
  Stack right redzone:     f3
  Stack after return:      f5
  Stack use after scope:   f8
  Global redzone:          f9
  Global init order:       f6
  Poisoned by user:        f7
  Container overflow:      fc
  Array cookie:            ac
  Intra object redzone:    bb
  ASan internal:           fe
  Left alloca redzone:     ca
  Right alloca redzone:    cb
  Shadow gap:              cc
==82136==ABORTING
[1]    82136 abort      ./minishell
